This is pdfTeX, Version 3.141592653-2.6-1.40.28 (TeX Live 2025/Debian) (preloaded format=pdflatex 2026.6.1)  7 JUL 2026 16:06
entering extended mode
 restricted \write18 enabled.
 %&-line parsing enabled.
**SB/SB.tex
(./SB/SB.tex
LaTeX2e <2025-11-01>
L3 programming layer <2026-01-19>
(/usr/share/texlive/texmf-dist/tex/latex/beamer/beamer.cls
Document Class: beamer 2026/01/22 v3.77 A class for typesetting presentations
(/usr/share/texlive/texmf-dist/tex/latex/beamer/beamerbasemodes.sty
(/usr/share/texlive/texmf-dist/tex/latex/etoolbox/etoolbox.sty
Package: etoolbox 2025/10/02 v2.5m e-TeX tools for LaTeX (JAW)
\etb@tempcnta=\count275
)
\beamer@tempbox=\box53
\beamer@tempcount=\count276
\c@beamerpauses=\count277

(/usr/share/texlive/texmf-dist/tex/latex/beamer/beamerbasedecode.sty
\beamer@slideinframe=\count278
\beamer@minimum=\count279
\beamer@decode@box=\box54
)
\beamer@commentbox=\box55
\beamer@modecount=\count280
)
(/usr/share/texlive/texmf-dist/tex/generic/iftex/iftex.sty
Package: iftex 2024/12/12 v1.0g TeX engine tests
)
\headdp=\dimen148
\footheight=\dimen149
\sidebarheight=\dimen150
\beamer@tempdim=\dimen151
\beamer@finalheight=\dimen152
\beamer@animht=\dimen153
\beamer@animdp=\dimen154
\beamer@animwd=\dimen155
\beamer@leftmargin=\dimen156
\beamer@rightmargin=\dimen157
\beamer@leftsidebar=\dimen158
\beamer@rightsidebar=\dimen159
\beamer@boxsize=\dimen160
\beamer@vboxoffset=\dimen161
\beamer@descdefault=\dimen162
\beamer@descriptionwidth=\dimen163
\beamer@lastskip=\skip49
\beamer@areabox=\box56
\beamer@animcurrent=\box57
\beamer@animshowbox=\box58
\beamer@sectionbox=\box59
\beamer@logobox=\box60
\beamer@linebox=\box61
\beamer@sectioncount=\count281
\beamer@subsubsectionmax=\count282
\beamer@subsectionmax=\count283
\beamer@sectionmax=\count284
\beamer@totalheads=\count285
\beamer@headcounter=\count286
\beamer@partstartpage=\count287
\beamer@sectionstartpage=\count288
\beamer@subsectionstartpage=\count289
\beamer@animationtempa=\count290
\beamer@animationtempb=\count291
\beamer@xpos=\count292
\beamer@ypos=\count293
\beamer@ypos@offset=\count294
\beamer@showpartnumber=\count295
\beamer@currentsubsection=\count296
\beamer@coveringdepth=\count297
\beamer@sectionadjust=\count298
\beamer@toclastsection=\count299
\beamer@tocsectionnumber=\count300

(/usr/share/texlive/texmf-dist/tex/latex/beamer/beamerbaseoptions.sty
(/usr/share/texlive/texmf-dist/tex/latex/graphics/keyval.sty
Package: keyval 2022/05/29 v1.15 key=value parser (DPC)
\KV@toks@=\toks17
))
\beamer@paperwidth=\skip50
\beamer@paperheight=\skip51

(/usr/share/texlive/texmf-dist/tex/latex/geometry/geometry.sty
Package: geometry 2020/01/02 v5.9 Page Geometry

(/usr/share/texlive/texmf-dist/tex/generic/iftex/ifvtex.sty
Package: ifvtex 2019/10/25 v1.7 ifvtex legacy package. Use iftex instead.
)
\Gm@cnth=\count301
\Gm@cntv=\count302
\c@Gm@tempcnt=\count303
\Gm@bindingoffset=\dimen164
\Gm@wd@mp=\dimen165
\Gm@odd@mp=\dimen166
\Gm@even@mp=\dimen167
\Gm@layoutwidth=\dimen168
\Gm@layoutheight=\dimen169
\Gm@layouthoffset=\dimen170
\Gm@layoutvoffset=\dimen171
\Gm@dimlist=\toks18
)
(/usr/share/texlive/texmf-dist/tex/latex/pgf/math/pgfmath.sty
(/usr/share/texlive/texmf-dist/tex/latex/pgf/utilities/pgfrcs.sty
(/usr/share/texlive/texmf-dist/tex/generic/pgf/utilities/pgfutil-common.tex
\pgfutil@everybye=\toks19
\pgfutil@tempdima=\dimen172
\pgfutil@tempdimb=\dimen173
)
(/usr/share/texlive/texmf-dist/tex/generic/pgf/utilities/pgfutil-latex.def
\pgfutil@abb=\box62
)
(/usr/share/texlive/texmf-dist/tex/generic/pgf/utilities/pgfrcs.code.tex
(/usr/share/texlive/texmf-dist/tex/generic/pgf/pgf.revision.tex)
Package: pgfrcs 2025-08-29 v3.1.11a (3.1.11a)
))
(/usr/share/texlive/texmf-dist/tex/latex/pgf/utilities/pgfkeys.sty
(/usr/share/texlive/texmf-dist/tex/generic/pgf/utilities/pgfkeys.code.tex
\pgfkeys@pathtoks=\toks20
\pgfkeys@temptoks=\toks21

(/usr/share/texlive/texmf-dist/tex/generic/pgf/utilities/pgfkeyslibraryfiltered
.code.tex
\pgfkeys@tmptoks=\toks22
)))
(/usr/share/texlive/texmf-dist/tex/generic/pgf/math/pgfmath.code.tex
(/usr/share/texlive/texmf-dist/tex/generic/pgf/math/pgfmathutil.code.tex
\pgf@x=\dimen174
\pgf@xa=\dimen175
\pgf@xb=\dimen176
\pgf@xc=\dimen177
\pgf@y=\dimen178
\pgf@ya=\dimen179
\pgf@yb=\dimen180
\pgf@yc=\dimen181
\c@pgf@counta=\count304
\c@pgf@countb=\count305
\c@pgf@countc=\count306
\c@pgf@countd=\count307
)
(/usr/share/texlive/texmf-dist/tex/generic/pgf/math/pgfmathparser.code.tex
\pgfmath@dimen=\dimen182
\pgfmath@count=\count308
\pgfmath@box=\box63
\pgfmath@toks=\toks23
\pgfmath@stack@operand=\toks24
\pgfmath@stack@operation=\toks25
)
(/usr/share/texlive/texmf-dist/tex/generic/pgf/math/pgfmathfunctions.code.tex)
(/usr/share/texlive/texmf-dist/tex/generic/pgf/math/pgfmathfunctions.basic.code
.tex)
(/usr/share/texlive/texmf-dist/tex/generic/pgf/math/pgfmathfunctions.trigonomet
ric.code.tex)
(/usr/share/texlive/texmf-dist/tex/generic/pgf/math/pgfmathfunctions.random.cod
e.tex)
(/usr/share/texlive/texmf-dist/tex/generic/pgf/math/pgfmathfunctions.comparison
.code.tex)
(/usr/share/texlive/texmf-dist/tex/generic/pgf/math/pgfmathfunctions.base.code.
tex)
(/usr/share/texlive/texmf-dist/tex/generic/pgf/math/pgfmathfunctions.round.code
.tex)
(/usr/share/texlive/texmf-dist/tex/generic/pgf/math/pgfmathfunctions.misc.code.
tex)
(/usr/share/texlive/texmf-dist/tex/generic/pgf/math/pgfmathfunctions.integerari
thmetics.code.tex)
(/usr/share/texlive/texmf-dist/tex/generic/pgf/math/pgfmathcalc.code.tex)
(/usr/share/texlive/texmf-dist/tex/generic/pgf/math/pgfmathfloat.code.tex
\c@pgfmathroundto@lastzeros=\count309
)))
(/usr/share/texlive/texmf-dist/tex/latex/base/size11.clo
File: size11.clo 2025/01/22 v1.4n Standard LaTeX file (size option)
)
(/usr/share/texlive/texmf-dist/tex/latex/pgf/basiclayer/pgfcore.sty
(/usr/share/texlive/texmf-dist/tex/latex/graphics/graphicx.sty
Package: graphicx 2024/12/31 v1.2e Enhanced LaTeX Graphics (DPC,SPQR)

(/usr/share/texlive/texmf-dist/tex/latex/graphics/graphics.sty
Package: graphics 2024/08/06 v1.4g Standard LaTeX Graphics (DPC,SPQR)

(/usr/share/texlive/texmf-dist/tex/latex/graphics/trig.sty
Package: trig 2023/12/02 v1.11 sin cos tan (DPC)
)
(/usr/share/texlive/texmf-dist/tex/latex/graphics-cfg/graphics.cfg
File: graphics.cfg 2016/06/04 v1.11 sample graphics configuration
)
Package graphics Info: Driver file: pdftex.def on input line 106.

(/usr/share/texlive/texmf-dist/tex/latex/graphics-def/pdftex.def
File: pdftex.def 2025/09/29 v1.2d Graphics/color driver for pdftex
))
\Gin@req@height=\dimen183
\Gin@req@width=\dimen184
)
(/usr/share/texlive/texmf-dist/tex/latex/pgf/systemlayer/pgfsys.sty
(/usr/share/texlive/texmf-dist/tex/generic/pgf/systemlayer/pgfsys.code.tex
Package: pgfsys 2025-08-29 v3.1.11a (3.1.11a)
\pgf@x=\dimen185
\pgf@y=\dimen186
\pgf@xa=\dimen187
\pgf@ya=\dimen188
\pgf@xb=\dimen189
\pgf@yb=\dimen190
\pgf@xc=\dimen191
\pgf@yc=\dimen192
\pgf@xd=\dimen193
\pgf@yd=\dimen194
\w@pgf@writea=\write3
\r@pgf@reada=\read2
\c@pgf@counta=\count310
\c@pgf@countb=\count311
\c@pgf@countc=\count312
\c@pgf@countd=\count313
\t@pgf@toka=\toks26
\t@pgf@tokb=\toks27
\t@pgf@tokc=\toks28
\pgf@sys@id@count=\count314

(/usr/share/texlive/texmf-dist/tex/generic/pgf/systemlayer/pgf.cfg
File: pgf.cfg 2025-08-29 v3.1.11a (3.1.11a)
)
Driver file for pgf: pgfsys-pdftex.def

(/usr/share/texlive/texmf-dist/tex/generic/pgf/systemlayer/pgfsys-pdftex.def
File: pgfsys-pdftex.def 2025-08-29 v3.1.11a (3.1.11a)

(/usr/share/texlive/texmf-dist/tex/generic/pgf/systemlayer/pgfsys-common-pdf.de
f
File: pgfsys-common-pdf.def 2025-08-29 v3.1.11a (3.1.11a)
)))
(/usr/share/texlive/texmf-dist/tex/generic/pgf/systemlayer/pgfsyssoftpath.code.
tex
File: pgfsyssoftpath.code.tex 2025-08-29 v3.1.11a (3.1.11a)
\pgfsyssoftpath@smallbuffer@items=\count315
\pgfsyssoftpath@bigbuffer@items=\count316
)
(/usr/share/texlive/texmf-dist/tex/generic/pgf/systemlayer/pgfsysprotocol.code.
tex
File: pgfsysprotocol.code.tex 2025-08-29 v3.1.11a (3.1.11a)
)) (/usr/share/texlive/texmf-dist/tex/latex/xcolor/xcolor.sty
Package: xcolor 2024/09/29 v3.02 LaTeX color extensions (UK)

(/usr/share/texlive/texmf-dist/tex/latex/graphics-cfg/color.cfg
File: color.cfg 2016/01/02 v1.6 sample color configuration
)
Package xcolor Info: Driver file: pdftex.def on input line 274.

(/usr/share/texlive/texmf-dist/tex/latex/graphics/mathcolor.ltx)
Package xcolor Info: Model `cmy' substituted by `cmy0' on input line 1349.
Package xcolor Info: Model `hsb' substituted by `rgb' on input line 1353.
Package xcolor Info: Model `RGB' extended on input line 1365.
Package xcolor Info: Model `HTML' substituted by `rgb' on input line 1367.
Package xcolor Info: Model `Hsb' substituted by `hsb' on input line 1368.
Package xcolor Info: Model `tHsb' substituted by `hsb' on input line 1369.
Package xcolor Info: Model `HSB' substituted by `hsb' on input line 1370.
Package xcolor Info: Model `Gray' substituted by `gray' on input line 1371.
Package xcolor Info: Model `wave' substituted by `hsb' on input line 1372.
)
(/usr/share/texlive/texmf-dist/tex/generic/pgf/basiclayer/pgfcore.code.tex
Package: pgfcore 2025-08-29 v3.1.11a (3.1.11a)

(/usr/share/texlive/texmf-dist/tex/generic/pgf/math/pgfint.code.tex)
(/usr/share/texlive/texmf-dist/tex/generic/pgf/basiclayer/pgfcorepoints.code.te
x
File: pgfcorepoints.code.tex 2025-08-29 v3.1.11a (3.1.11a)
\pgf@picminx=\dimen195
\pgf@picmaxx=\dimen196
\pgf@picminy=\dimen197
\pgf@picmaxy=\dimen198
\pgf@pathminx=\dimen199
\pgf@pathmaxx=\dimen256
\pgf@pathminy=\dimen257
\pgf@pathmaxy=\dimen258
\pgf@xx=\dimen259
\pgf@xy=\dimen260
\pgf@yx=\dimen261
\pgf@yy=\dimen262
\pgf@zx=\dimen263
\pgf@zy=\dimen264
)
(/usr/share/texlive/texmf-dist/tex/generic/pgf/basiclayer/pgfcorepathconstruct.
code.tex
File: pgfcorepathconstruct.code.tex 2025-08-29 v3.1.11a (3.1.11a)
\pgf@path@lastx=\dimen265
\pgf@path@lasty=\dimen266
)
(/usr/share/texlive/texmf-dist/tex/generic/pgf/basiclayer/pgfcorepathusage.code
.tex
File: pgfcorepathusage.code.tex 2025-08-29 v3.1.11a (3.1.11a)
\pgf@shorten@end@additional=\dimen267
\pgf@shorten@start@additional=\dimen268
)
(/usr/share/texlive/texmf-dist/tex/generic/pgf/basiclayer/pgfcorescopes.code.te
x
File: pgfcorescopes.code.tex 2025-08-29 v3.1.11a (3.1.11a)
\pgfpic=\box64
\pgf@hbox=\box65
\pgf@layerbox@main=\box66
\pgf@picture@serial@count=\count317
)
(/usr/share/texlive/texmf-dist/tex/generic/pgf/basiclayer/pgfcoregraphicstate.c
ode.tex
File: pgfcoregraphicstate.code.tex 2025-08-29 v3.1.11a (3.1.11a)
\pgflinewidth=\dimen269
)
(/usr/share/texlive/texmf-dist/tex/generic/pgf/basiclayer/pgfcoretransformation
s.code.tex
File: pgfcoretransformations.code.tex 2025-08-29 v3.1.11a (3.1.11a)
\pgf@pt@x=\dimen270
\pgf@pt@y=\dimen271
\pgf@pt@temp=\dimen272
)
(/usr/share/texlive/texmf-dist/tex/generic/pgf/basiclayer/pgfcorequick.code.tex
File: pgfcorequick.code.tex 2025-08-29 v3.1.11a (3.1.11a)
)
(/usr/share/texlive/texmf-dist/tex/generic/pgf/basiclayer/pgfcoreobjects.code.t
ex
File: pgfcoreobjects.code.tex 2025-08-29 v3.1.11a (3.1.11a)
)
(/usr/share/texlive/texmf-dist/tex/generic/pgf/basiclayer/pgfcorepathprocessing
.code.tex
File: pgfcorepathprocessing.code.tex 2025-08-29 v3.1.11a (3.1.11a)
)
(/usr/share/texlive/texmf-dist/tex/generic/pgf/basiclayer/pgfcorearrows.code.te
x
File: pgfcorearrows.code.tex 2025-08-29 v3.1.11a (3.1.11a)
\pgfarrowsep=\dimen273
)
(/usr/share/texlive/texmf-dist/tex/generic/pgf/basiclayer/pgfcoreshade.code.tex
File: pgfcoreshade.code.tex 2025-08-29 v3.1.11a (3.1.11a)
\pgf@max=\dimen274
\pgf@sys@shading@range@num=\count318
\pgf@shadingcount=\count319
)
(/usr/share/texlive/texmf-dist/tex/generic/pgf/basiclayer/pgfcoreimage.code.tex
File: pgfcoreimage.code.tex 2025-08-29 v3.1.11a (3.1.11a)
)
(/usr/share/texlive/texmf-dist/tex/generic/pgf/basiclayer/pgfcoreexternal.code.
tex
File: pgfcoreexternal.code.tex 2025-08-29 v3.1.11a (3.1.11a)
\pgfexternal@startupbox=\box67
)
(/usr/share/texlive/texmf-dist/tex/generic/pgf/basiclayer/pgfcorelayers.code.te
x
File: pgfcorelayers.code.tex 2025-08-29 v3.1.11a (3.1.11a)
)
(/usr/share/texlive/texmf-dist/tex/generic/pgf/basiclayer/pgfcoretransparency.c
ode.tex
File: pgfcoretransparency.code.tex 2025-08-29 v3.1.11a (3.1.11a)
)
(/usr/share/texlive/texmf-dist/tex/generic/pgf/basiclayer/pgfcorepatterns.code.
tex
File: pgfcorepatterns.code.tex 2025-08-29 v3.1.11a (3.1.11a)
)
(/usr/share/texlive/texmf-dist/tex/generic/pgf/basiclayer/pgfcorerdf.code.tex
File: pgfcorerdf.code.tex 2025-08-29 v3.1.11a (3.1.11a)
))) (/usr/share/texlive/texmf-dist/tex/latex/pgf/utilities/xxcolor.sty
Package: xxcolor 2003/10/24 ver 0.1
\XC@nummixins=\count320
\XC@countmixins=\count321
)
(/usr/share/texlive/texmf-dist/tex/latex/base/atbegshi-ltx.sty
Package: atbegshi-ltx 2021/01/10 v1.0c Emulation of the original atbegshi
package with kernel methods
)
(/usr/share/texlive/texmf-dist/tex/latex/hyperref/hyperref.sty
Package: hyperref 2025-07-12 v7.01o Hypertext links for LaTeX

(/usr/share/texlive/texmf-dist/tex/latex/kvsetkeys/kvsetkeys.sty
Package: kvsetkeys 2022-10-05 v1.19 Key value parser (HO)
)
(/usr/share/texlive/texmf-dist/tex/generic/kvdefinekeys/kvdefinekeys.sty
Package: kvdefinekeys 2019-12-19 v1.6 Define keys (HO)
)
(/usr/share/texlive/texmf-dist/tex/generic/pdfescape/pdfescape.sty
Package: pdfescape 2019/12/09 v1.15 Implements pdfTeX's escape features (HO)

(/usr/share/texlive/texmf-dist/tex/generic/ltxcmds/ltxcmds.sty
Package: ltxcmds 2023-12-04 v1.26 LaTeX kernel commands for general use (HO)
)
(/usr/share/texlive/texmf-dist/tex/generic/pdftexcmds/pdftexcmds.sty
Package: pdftexcmds 2020-06-27 v0.33 Utility functions of pdfTeX for LuaTeX (HO
)

(/usr/share/texlive/texmf-dist/tex/generic/infwarerr/infwarerr.sty
Package: infwarerr 2019/12/03 v1.5 Providing info/warning/error messages (HO)
)
Package pdftexcmds Info: \pdf@primitive is available.
Package pdftexcmds Info: \pdf@ifprimitive is available.
Package pdftexcmds Info: \pdfdraftmode found.
))
(/usr/share/texlive/texmf-dist/tex/latex/hycolor/hycolor.sty
Package: hycolor 2020-01-27 v1.10 Color options for hyperref/bookmark (HO)
)
(/usr/share/texlive/texmf-dist/tex/latex/hyperref/nameref.sty
Package: nameref 2025-06-21 v2.57 Cross-referencing by name of section

(/usr/share/texlive/texmf-dist/tex/latex/refcount/refcount.sty
Package: refcount 2019/12/15 v3.6 Data extraction from label references (HO)
)
(/usr/share/texlive/texmf-dist/tex/generic/gettitlestring/gettitlestring.sty
Package: gettitlestring 2019/12/15 v1.6 Cleanup title references (HO)

(/usr/share/texlive/texmf-dist/tex/latex/kvoptions/kvoptions.sty
Package: kvoptions 2022-06-15 v3.15 Key value format for package options (HO)
))
\c@section@level=\count322
)
(/usr/share/texlive/texmf-dist/tex/generic/stringenc/stringenc.sty
Package: stringenc 2019/11/29 v1.12 Convert strings between diff. encodings (HO
)
)
\@linkdim=\dimen275
\Hy@linkcounter=\count323
\Hy@pagecounter=\count324

(/usr/share/texlive/texmf-dist/tex/latex/hyperref/pd1enc.def
File: pd1enc.def 2025-07-12 v7.01o Hyperref: PDFDocEncoding definition (HO)
Now handling font encoding PD1 ...
... no UTF-8 mapping file for font encoding PD1
)
(/usr/share/texlive/texmf-dist/tex/generic/intcalc/intcalc.sty
Package: intcalc 2019/12/15 v1.3 Expandable calculations with integers (HO)
)
\Hy@SavedSpaceFactor=\count325

(/usr/share/texlive/texmf-dist/tex/latex/hyperref/puenc.def
File: puenc.def 2025-07-12 v7.01o Hyperref: PDF Unicode definition (HO)
Now handling font encoding PU ...
... no UTF-8 mapping file for font encoding PU
)
Package hyperref Info: Option `bookmarks' set `true' on input line 4066.
Package hyperref Info: Option `bookmarksopen' set `true' on input line 4066.
Package hyperref Info: Option `implicit' set `false' on input line 4066.
Package hyperref Info: Hyper figures OFF on input line 4195.
Package hyperref Info: Link nesting OFF on input line 4200.
Package hyperref Info: Hyper index ON on input line 4203.
Package hyperref Info: Plain pages OFF on input line 4210.
Package hyperref Info: Backreferencing OFF on input line 4215.
Package hyperref Info: Implicit mode OFF; no redefinition of LaTeX internals.
Package hyperref Info: Bookmarks ON on input line 4462.
\c@Hy@tempcnt=\count326

(/usr/share/texlive/texmf-dist/tex/latex/url/url.sty
\Urlmuskip=\muskip17
Package: url 2013/09/16  ver 3.4  Verb mode for urls, etc.
)
LaTeX Info: Redefining \url on input line 4801.
\XeTeXLinkMargin=\dimen276

(/usr/share/texlive/texmf-dist/tex/generic/bitset/bitset.sty
Package: bitset 2019/12/09 v1.3 Handle bit-vector datatype (HO)

(/usr/share/texlive/texmf-dist/tex/generic/bigintcalc/bigintcalc.sty
Package: bigintcalc 2019/12/15 v1.5 Expandable calculations on big integers (HO
)
))
\Fld@menulength=\count327
\Field@Width=\dimen277
\Fld@charsize=\dimen278
Package hyperref Info: Hyper figures OFF on input line 6078.
Package hyperref Info: Link nesting OFF on input line 6083.
Package hyperref Info: Hyper index ON on input line 6086.
Package hyperref Info: backreferencing OFF on input line 6093.
Package hyperref Info: Link coloring OFF on input line 6098.
Package hyperref Info: Link coloring with OCG OFF on input line 6103.
Package hyperref Info: PDF/A mode OFF on input line 6108.
\Hy@abspage=\count328


Package hyperref Message: Stopped early.

)
Package hyperref Info: Driver (autodetected): hpdftex.
 (/usr/share/texlive/texmf-dist/tex/latex/hyperref/hpdftex.def
File: hpdftex.def 2025-07-12 v7.01o Hyperref driver for pdfTeX
\Fld@listcount=\count329
\c@bookmark@seq@number=\count330

(/usr/share/texlive/texmf-dist/tex/latex/rerunfilecheck/rerunfilecheck.sty
Package: rerunfilecheck 2025-06-21 v1.11 Rerun checks for auxiliary files (HO)

(/usr/share/texlive/texmf-dist/tex/generic/uniquecounter/uniquecounter.sty
Package: uniquecounter 2019/12/15 v1.4 Provide unlimited unique counter (HO)
)
Package uniquecounter Info: New unique counter `rerunfilecheck' on input line 2
84.
))
(/usr/share/texlive/texmf-dist/tex/latex/beamer/beamerbaserequires.sty
(/usr/share/texlive/texmf-dist/tex/latex/beamer/beamerbasecompatibility.sty)
(/usr/share/texlive/texmf-dist/tex/latex/beamer/beamerbasefont.sty
(/usr/share/texlive/texmf-dist/tex/latex/amsfonts/amssymb.sty
Package: amssymb 2013/01/14 v3.01 AMS font symbols

(/usr/share/texlive/texmf-dist/tex/latex/amsfonts/amsfonts.sty
Package: amsfonts 2013/01/14 v3.01 Basic AMSFonts support
\@emptytoks=\toks29
\symAMSa=\mathgroup4
\symAMSb=\mathgroup5
LaTeX Font Info:    Redeclaring math symbol \hbar on input line 98.
LaTeX Font Info:    Overwriting math alphabet `\mathfrak' in version `bold'
(Font)                  U/euf/m/n --> U/euf/b/n on input line 106.
))
(/usr/share/texlive/texmf-dist/tex/latex/sansmathaccent/sansmathaccent.sty
Package: sansmathaccent 2020/01/31

(/usr/share/texlive/texmf-dist/tex/latex/koma-script/scrlfile.sty
Package: scrlfile 2025/12/01 v3.49 KOMA-Script package (file load hooks)

(/usr/share/texlive/texmf-dist/tex/latex/koma-script/scrlfile-hook.sty
Package: scrlfile-hook 2025/12/01 v3.49 KOMA-Script package (using LaTeX hooks)


(/usr/share/texlive/texmf-dist/tex/latex/koma-script/scrlogo.sty
Package: scrlogo 2025/12/01 v3.49 KOMA-Script package (logo)
)))))
(/usr/share/texlive/texmf-dist/tex/latex/beamer/beamerbasetranslator.sty
(/usr/share/texlive/texmf-dist/tex/latex/translator/translator.sty
Package: translator 2021-05-31 v1.12d Easy translation of strings in LaTeX
))
(/usr/share/texlive/texmf-dist/tex/latex/beamer/beamerbasemisc.sty)
(/usr/share/texlive/texmf-dist/tex/latex/beamer/beamerbasetwoscreens.sty)
(/usr/share/texlive/texmf-dist/tex/latex/beamer/beamerbaseoverlay.sty
\beamer@argscount=\count331
\beamer@lastskipcover=\skip52
\beamer@trivlistdepth=\count332
)
(/usr/share/texlive/texmf-dist/tex/latex/beamer/beamerbasetitle.sty)
(/usr/share/texlive/texmf-dist/tex/latex/beamer/beamerbasesection.sty
\c@lecture=\count333
\c@part=\count334
\c@section=\count335
\c@subsection=\count336
\c@subsubsection=\count337
)
(/usr/share/texlive/texmf-dist/tex/latex/beamer/beamerbaseframe.sty
\beamer@framebox=\box68
\beamer@frametitlebox=\box69
\beamer@zoombox=\box70
\beamer@zoomcount=\count338
\beamer@zoomframecount=\count339
\beamer@frametextheight=\dimen279
\c@subsectionslide=\count340
\beamer@frametopskip=\skip53
\beamer@framebottomskip=\skip54
\beamer@frametopskipautobreak=\skip55
\beamer@framebottomskipautobreak=\skip56
\beamer@envbody=\toks30
\framewidth=\dimen280
\c@framenumber=\count341
)
(/usr/share/texlive/texmf-dist/tex/latex/beamer/beamerbaseverbatim.sty
\beamer@verbatimfileout=\write4
)
(/usr/share/texlive/texmf-dist/tex/latex/beamer/beamerbaseframesize.sty
\beamer@splitbox=\box71
\beamer@autobreakcount=\count342
\beamer@autobreaklastheight=\dimen281
\beamer@frametitletoks=\toks31
\beamer@framesubtitletoks=\toks32
)
(/usr/share/texlive/texmf-dist/tex/latex/beamer/beamerbaseframecomponents.sty
\beamer@colheight=\skip57
\beamer@footins=\box72
)
(/usr/share/texlive/texmf-dist/tex/latex/beamer/beamerbasecolor.sty)
(/usr/share/texlive/texmf-dist/tex/latex/beamer/beamerbasenotes.sty
\beamer@frameboxcopy=\box73
)
(/usr/share/texlive/texmf-dist/tex/latex/beamer/beamerbasetoc.sty)
(/usr/share/texlive/texmf-dist/tex/latex/beamer/beamerbasetemplates.sty
\beamer@sbttoks=\toks33

(/usr/share/texlive/texmf-dist/tex/latex/beamer/beamerbaseauxtemplates.sty
(/usr/share/texlive/texmf-dist/tex/latex/beamer/beamerbaseboxes.sty
\bmb@box=\box74
\bmb@colorbox=\box75
\bmb@boxwidth=\dimen282
\bmb@boxheight=\dimen283
\bmb@prevheight=\dimen284
\bmb@temp=\dimen285
\bmb@dima=\dimen286
\bmb@dimb=\dimen287
\bmb@prevheight=\dimen288
)
\beamer@blockheadheight=\dimen289
))
(/usr/share/texlive/texmf-dist/tex/latex/beamer/beamerbaselocalstructure.sty
(/usr/share/texlive/texmf-dist/tex/latex/tools/enumerate.sty
Package: enumerate 2023/07/04 v3.00 enumerate extensions (DPC)
\@enLab=\toks34
)
\beamer@bibiconwidth=\skip58
\c@figure=\count343
\c@table=\count344
\abovecaptionskip=\skip59
\belowcaptionskip=\skip60
)
(/usr/share/texlive/texmf-dist/tex/latex/beamer/beamerbasenavigation.sty
(/usr/share/texlive/texmf-dist/tex/latex/beamer/beamerbasenavigationsymbols.tex
)
\beamer@section@min@dim=\dimen290
) (/usr/share/texlive/texmf-dist/tex/latex/beamer/beamerbasetheorems.sty
(/usr/share/texlive/texmf-dist/tex/latex/amsmath/amsmath.sty
Package: amsmath 2025/07/09 v2.17z AMS math features
\@mathmargin=\skip61

For additional information on amsmath, use the `?' option.
(/usr/share/texlive/texmf-dist/tex/latex/amsmath/amstext.sty
Package: amstext 2024/11/17 v2.01 AMS text

(/usr/share/texlive/texmf-dist/tex/latex/amsmath/amsgen.sty
File: amsgen.sty 1999/11/30 v2.0 generic functions
\@emptytoks=\toks35
\ex@=\dimen291
))
(/usr/share/texlive/texmf-dist/tex/latex/amsmath/amsbsy.sty
Package: amsbsy 1999/11/29 v1.2d Bold Symbols
\pmbraise@=\dimen292
)
(/usr/share/texlive/texmf-dist/tex/latex/amsmath/amsopn.sty
Package: amsopn 2022/04/08 v2.04 operator names
)
\inf@bad=\count345
LaTeX Info: Redefining \frac on input line 233.
\uproot@=\count346
\leftroot@=\count347
LaTeX Info: Redefining \overline on input line 398.
LaTeX Info: Redefining \colon on input line 409.
\classnum@=\count348
\DOTSCASE@=\count349
LaTeX Info: Redefining \ldots on input line 495.
LaTeX Info: Redefining \dots on input line 498.
LaTeX Info: Redefining \cdots on input line 619.
\Mathstrutbox@=\box76
\strutbox@=\box77
LaTeX Info: Redefining \big on input line 721.
LaTeX Info: Redefining \Big on input line 722.
LaTeX Info: Redefining \bigg on input line 723.
LaTeX Info: Redefining \Bigg on input line 724.
\big@size=\dimen293
LaTeX Font Info:    Redeclaring font encoding OML on input line 742.
LaTeX Font Info:    Redeclaring font encoding OMS on input line 743.
\macc@depth=\count350
LaTeX Info: Redefining \bmod on input line 904.
LaTeX Info: Redefining \pmod on input line 909.
LaTeX Info: Redefining \smash on input line 939.
LaTeX Info: Redefining \relbar on input line 969.
LaTeX Info: Redefining \Relbar on input line 970.
\c@MaxMatrixCols=\count351
\dotsspace@=\muskip18
\c@parentequation=\count352
\dspbrk@lvl=\count353
\tag@help=\toks36
\row@=\count354
\column@=\count355
\maxfields@=\count356
\andhelp@=\toks37
\eqnshift@=\dimen294
\alignsep@=\dimen295
\tagshift@=\dimen296
\tagwidth@=\dimen297
\totwidth@=\dimen298
\lineht@=\dimen299
\@envbody=\toks38
\multlinegap=\skip62
\multlinetaggap=\skip63
\mathdisplay@stack=\toks39
LaTeX Info: Redefining \[ on input line 2950.
LaTeX Info: Redefining \] on input line 2951.
)
(/usr/share/texlive/texmf-dist/tex/latex/amscls/amsthm.sty
Package: amsthm 2020/05/29 v2.20.6
\thm@style=\toks40
\thm@bodyfont=\toks41
\thm@headfont=\toks42
\thm@notefont=\toks43
\thm@headpunct=\toks44
\thm@preskip=\skip64
\thm@postskip=\skip65
\thm@headsep=\skip66
\dth@everypar=\toks45
)
\c@theorem=\count357
)
(/usr/share/texlive/texmf-dist/tex/latex/beamer/beamerbasethemes.sty))
(/usr/share/texlive/texmf-dist/tex/latex/beamer/beamerthemedefault.sty
(/usr/share/texlive/texmf-dist/tex/latex/beamer/beamerfontthemedefault.sty)
(/usr/share/texlive/texmf-dist/tex/latex/beamer/beamercolorthemedefault.sty)
(/usr/share/texlive/texmf-dist/tex/latex/beamer/beamerinnerthemedefault.sty
\beamer@dima=\dimen300
\beamer@dimb=\dimen301
)
(/usr/share/texlive/texmf-dist/tex/latex/beamer/beamerouterthemedefault.sty)))
(/usr/share/texlive/texmf-dist/tex/latex/booktabs/booktabs.sty
Package: booktabs 2020/01/12 v1.61803398 Publication quality tables
\heavyrulewidth=\dimen302
\lightrulewidth=\dimen303
\cmidrulewidth=\dimen304
\belowrulesep=\dimen305
\belowbottomsep=\dimen306
\aboverulesep=\dimen307
\abovetopsep=\dimen308
\cmidrulesep=\dimen309
\cmidrulekern=\dimen310
\defaultaddspace=\dimen311
\@cmidla=\count358
\@cmidlb=\count359
\@aboverulesep=\dimen312
\@belowrulesep=\dimen313
\@thisruleclass=\count360
\@lastruleclass=\count361
\@thisrulewidth=\dimen314
)
(/usr/share/texlive/texmf-dist/tex/latex/caption/caption.sty
Package: caption 2023/08/05 v3.6o Customizing captions (AR)

(/usr/share/texlive/texmf-dist/tex/latex/caption/caption3.sty
Package: caption3 2023/07/31 v2.4d caption3 kernel (AR)
\caption@tempdima=\dimen315
\captionmargin=\dimen316
\caption@leftmargin=\dimen317
\caption@rightmargin=\dimen318
\caption@width=\dimen319
\caption@indent=\dimen320
\caption@parindent=\dimen321
\caption@hangindent=\dimen322
Package caption Info: beamer document class detected.

(/usr/share/texlive/texmf-dist/tex/latex/caption/caption-beamer.sto
File: caption-beamer.sto 2022/01/06 v2.0c Adaption of the caption package to th
e beamer document classes (AR)
))
\c@caption@flags=\count362
\c@continuedfloat=\count363
Package caption Info: hyperref package is loaded.
Package caption Info: Hyperref support is turned off
(caption)             because hyperref has stopped early.
)
(/usr/share/texlive/texmf-dist/tex/latex/pgf/frontendlayer/tikz.sty
(/usr/share/texlive/texmf-dist/tex/latex/pgf/basiclayer/pgf.sty
Package: pgf 2025-08-29 v3.1.11a (3.1.11a)

(/usr/share/texlive/texmf-dist/tex/generic/pgf/modules/pgfmoduleshapes.code.tex
File: pgfmoduleshapes.code.tex 2025-08-29 v3.1.11a (3.1.11a)
\pgfnodeparttextbox=\box78
) (/usr/share/texlive/texmf-dist/tex/generic/pgf/modules/pgfmoduleplot.code.tex
File: pgfmoduleplot.code.tex 2025-08-29 v3.1.11a (3.1.11a)
)
(/usr/share/texlive/texmf-dist/tex/latex/pgf/compatibility/pgfcomp-version-0-65
.sty
Package: pgfcomp-version-0-65 2025-08-29 v3.1.11a (3.1.11a)
\pgf@nodesepstart=\dimen323
\pgf@nodesepend=\dimen324
)
(/usr/share/texlive/texmf-dist/tex/latex/pgf/compatibility/pgfcomp-version-1-18
.sty
Package: pgfcomp-version-1-18 2025-08-29 v3.1.11a (3.1.11a)
)) (/usr/share/texlive/texmf-dist/tex/latex/pgf/utilities/pgffor.sty
(/usr/share/texlive/texmf-dist/tex/generic/pgf/utilities/pgffor.code.tex
Package: pgffor 2025-08-29 v3.1.11a (3.1.11a)
\pgffor@iter=\dimen325
\pgffor@skip=\dimen326
\pgffor@stack=\toks46
\pgffor@toks=\toks47
))
(/usr/share/texlive/texmf-dist/tex/generic/pgf/frontendlayer/tikz/tikz.code.tex
Package: tikz 2025-08-29 v3.1.11a (3.1.11a)

(/usr/share/texlive/texmf-dist/tex/generic/pgf/libraries/pgflibraryplothandlers
.code.tex
File: pgflibraryplothandlers.code.tex 2025-08-29 v3.1.11a (3.1.11a)
\pgf@plot@mark@count=\count364
\pgfplotmarksize=\dimen327
)
\tikz@lastx=\dimen328
\tikz@lasty=\dimen329
\tikz@lastxsaved=\dimen330
\tikz@lastysaved=\dimen331
\tikz@lastmovetox=\dimen332
\tikz@lastmovetoy=\dimen333
\tikzleveldistance=\dimen334
\tikzsiblingdistance=\dimen335
\tikz@figbox=\box79
\tikz@figbox@bg=\box80
\tikz@tempbox=\box81
\tikz@tempbox@bg=\box82
\tikztreelevel=\count365
\tikznumberofchildren=\count366
\tikznumberofcurrentchild=\count367
\tikz@fig@count=\count368

(/usr/share/texlive/texmf-dist/tex/generic/pgf/modules/pgfmodulematrix.code.tex
File: pgfmodulematrix.code.tex 2025-08-29 v3.1.11a (3.1.11a)
\pgfmatrixcurrentrow=\count369
\pgfmatrixcurrentcolumn=\count370
\pgf@matrix@numberofcolumns=\count371
)
\tikz@expandcount=\count372

(/usr/share/texlive/texmf-dist/tex/generic/pgf/frontendlayer/tikz/libraries/tik
zlibrarytopaths.code.tex
File: tikzlibrarytopaths.code.tex 2025-08-29 v3.1.11a (3.1.11a)
)))
(/usr/share/texlive/texmf-dist/tex/generic/pgf/frontendlayer/tikz/libraries/tik
zlibrarypositioning.code.tex
File: tikzlibrarypositioning.code.tex 2025-08-29 v3.1.11a (3.1.11a)
)
(/usr/share/texlive/texmf-dist/tex/generic/pgf/frontendlayer/tikz/libraries/tik
zlibraryshapes.geometric.code.tex
File: tikzlibraryshapes.geometric.code.tex 2025-08-29 v3.1.11a (3.1.11a)

(/usr/share/texlive/texmf-dist/tex/generic/pgf/libraries/shapes/pgflibraryshape
s.geometric.code.tex
File: pgflibraryshapes.geometric.code.tex 2025-08-29 v3.1.11a (3.1.11a)
))
(/usr/share/texlive/texmf-dist/tex/generic/pgf/libraries/pgflibraryarrows.meta.
code.tex
File: pgflibraryarrows.meta.code.tex 2025-08-29 v3.1.11a (3.1.11a)
\pgfarrowinset=\dimen336
\pgfarrowlength=\dimen337
\pgfarrowwidth=\dimen338
\pgfarrowlinewidth=\dimen339
) (/usr/share/texlive/texmf-dist/tex/latex/beamer/beamerthemeMadrid.sty (/usr/s
hare/texlive/texmf-dist/tex/latex/beamer/beamercolorthemewhale.sty)
(/usr/share/texlive/texmf-dist/tex/latex/beamer/beamercolorthemeorchid.sty)
(/usr/share/texlive/texmf-dist/tex/latex/beamer/beamerinnerthemerounded.sty)
(/usr/share/texlive/texmf-dist/tex/latex/beamer/beamerouterthemeinfolines.sty))
(/usr/share/texlive/texmf-dist/tex/latex/l3backend/l3backend-pdftex.def
File: l3backend-pdftex.def 2025-10-09 L3 backend support: PDF output (pdfTeX)
\l__color_backend_stack_int=\count373
)
(./SB.aux)
\openout1 = `SB.aux'.

LaTeX Font Info:    Checking defaults for OML/cmm/m/it on input line 29.
LaTeX Font Info:    ... okay on input line 29.
LaTeX Font Info:    Checking defaults for OMS/cmsy/m/n on input line 29.
LaTeX Font Info:    ... okay on input line 29.
LaTeX Font Info:    Checking defaults for OT1/cmr/m/n on input line 29.
LaTeX Font Info:    ... okay on input line 29.
LaTeX Font Info:    Checking defaults for T1/cmr/m/n on input line 29.
LaTeX Font Info:    ... okay on input line 29.
LaTeX Font Info:    Checking defaults for TS1/cmr/m/n on input line 29.
LaTeX Font Info:    ... okay on input line 29.
LaTeX Font Info:    Checking defaults for OMX/cmex/m/n on input line 29.
LaTeX Font Info:    ... okay on input line 29.
LaTeX Font Info:    Checking defaults for U/cmr/m/n on input line 29.
LaTeX Font Info:    ... okay on input line 29.
LaTeX Font Info:    Checking defaults for PD1/pdf/m/n on input line 29.
LaTeX Font Info:    ... okay on input line 29.
LaTeX Font Info:    Checking defaults for PU/pdf/m/n on input line 29.
LaTeX Font Info:    ... okay on input line 29.

*geometry* driver: auto-detecting
*geometry* detected driver: pdftex
*geometry* verbose mode - [ preamble ] result:
* driver: pdftex
* paper: custom
* layout: <same size as paper>
* layoutoffset:(h,v)=(0.0pt,0.0pt)
* modes: includehead includefoot 
* h-part:(L,W,R)=(10.95003pt, 433.34402pt, 10.95003pt)
* v-part:(T,H,B)=(0.0pt, 256.0748pt, 0.0pt)
* \paperwidth=455.24408pt
* \paperheight=256.0748pt
* \textwidth=433.34402pt
* \textheight=227.62207pt
* \oddsidemargin=-61.31996pt
* \evensidemargin=-61.31996pt
* \topmargin=-72.26999pt
* \headheight=14.22636pt
* \headsep=0.0pt
* \topskip=11.0pt
* \footskip=14.22636pt
* \marginparwidth=4.0pt
* \marginparsep=10.0pt
* \columnsep=10.0pt
* \skip\footins=10.0pt plus 4.0pt minus 2.0pt
* \hoffset=0.0pt
* \voffset=0.0pt
* \mag=1000
* \@twocolumnfalse
* \@twosidefalse
* \@mparswitchfalse
* \@reversemarginfalse
* (1in=72.27pt=25.4mm, 1cm=28.453pt)

(/usr/share/texlive/texmf-dist/tex/context/base/mkii/supp-pdf.mkii
[Loading MPS to PDF converter (version 2006.09.02).]
\scratchcounter=\count374
\scratchdimen=\dimen340
\scratchbox=\box83
\nofMPsegments=\count375
\nofMParguments=\count376
\everyMPshowfont=\toks48
\MPscratchCnt=\count377
\MPscratchDim=\dimen341
\MPnumerator=\count378
\makeMPintoPDFobject=\count379
\everyMPtoPDFconversion=\toks49
) (/usr/share/texlive/texmf-dist/tex/latex/epstopdf-pkg/epstopdf-base.sty
Package: epstopdf-base 2020-01-24 v2.11 Base part for package epstopdf
Package epstopdf-base Info: Redefining graphics rule for `.eps' on input line 4
85.

(/usr/share/texlive/texmf-dist/tex/latex/latexconfig/epstopdf-sys.cfg
File: epstopdf-sys.cfg 2010/07/13 v1.3 Configuration of (r)epstopdf for TeX Liv
e
))
Package hyperref Info: Link coloring OFF on input line 29.

(./SB.out) (./SB.out)
\@outlinefile=\write5
\openout5 = `SB.out'.

LaTeX Font Info:    Overwriting symbol font `operators' in version `normal'
(Font)                  OT1/cmr/m/n --> OT1/cmss/m/n on input line 29.
LaTeX Font Info:    Overwriting symbol font `operators' in version `bold'
(Font)                  OT1/cmr/bx/n --> OT1/cmss/b/n on input line 29.
\symnumbers=\mathgroup6
\sympureletters=\mathgroup7
LaTeX Font Info:    Overwriting math alphabet `\mathrm' in version `normal'
(Font)                  OT1/cmss/m/n --> OT1/cmr/m/n on input line 29.
LaTeX Font Info:    Redeclaring math alphabet \mathbf on input line 29.
LaTeX Font Info:    Overwriting math alphabet `\mathbf' in version `normal'
(Font)                  OT1/cmr/bx/n --> OT1/cmss/b/n on input line 29.
LaTeX Font Info:    Overwriting math alphabet `\mathbf' in version `bold'
(Font)                  OT1/cmr/bx/n --> OT1/cmss/b/n on input line 29.
LaTeX Font Info:    Redeclaring math alphabet \mathsf on input line 29.
LaTeX Font Info:    Overwriting math alphabet `\mathsf' in version `normal'
(Font)                  OT1/cmss/m/n --> OT1/cmss/m/n on input line 29.
LaTeX Font Info:    Overwriting math alphabet `\mathsf' in version `bold'
(Font)                  OT1/cmss/bx/n --> OT1/cmss/m/n on input line 29.
LaTeX Font Info:    Redeclaring math alphabet \mathit on input line 29.
LaTeX Font Info:    Overwriting math alphabet `\mathit' in version `normal'
(Font)                  OT1/cmr/m/it --> OT1/cmss/m/it on input line 29.
LaTeX Font Info:    Overwriting math alphabet `\mathit' in version `bold'
(Font)                  OT1/cmr/bx/it --> OT1/cmss/m/it on input line 29.
LaTeX Font Info:    Redeclaring math alphabet \mathtt on input line 29.
LaTeX Font Info:    Overwriting math alphabet `\mathtt' in version `normal'
(Font)                  OT1/cmtt/m/n --> OT1/cmtt/m/n on input line 29.
LaTeX Font Info:    Overwriting math alphabet `\mathtt' in version `bold'
(Font)                  OT1/cmtt/m/n --> OT1/cmtt/m/n on input line 29.
LaTeX Font Info:    Overwriting symbol font `numbers' in version `bold'
(Font)                  OT1/cmss/m/n --> OT1/cmss/b/n on input line 29.
LaTeX Font Info:    Overwriting symbol font `pureletters' in version `bold'
(Font)                  OT1/cmss/m/it --> OT1/cmss/b/it on input line 29.
LaTeX Font Info:    Overwriting math alphabet `\mathrm' in version `bold'
(Font)                  OT1/cmss/b/n --> OT1/cmr/b/n on input line 29.
LaTeX Font Info:    Overwriting math alphabet `\mathbf' in version `bold'
(Font)                  OT1/cmss/b/n --> OT1/cmss/b/n on input line 29.
LaTeX Font Info:    Overwriting math alphabet `\mathsf' in version `bold'
(Font)                  OT1/cmss/m/n --> OT1/cmss/b/n on input line 29.
LaTeX Font Info:    Overwriting math alphabet `\mathit' in version `bold'
(Font)                  OT1/cmss/m/it --> OT1/cmss/b/it on input line 29.
LaTeX Font Info:    Overwriting math alphabet `\mathtt' in version `bold'
(Font)                  OT1/cmtt/m/n --> OT1/cmtt/b/n on input line 29.
LaTeX Font Info:    Redeclaring symbol font `pureletters' on input line 29.
LaTeX Font Info:    Overwriting symbol font `pureletters' in version `normal'
(Font)                  OT1/cmss/m/it --> OT1/mathkerncmss/m/sl on input line 2
9.
LaTeX Font Info:    Overwriting symbol font `pureletters' in version `bold'
(Font)                  OT1/cmss/b/it --> OT1/mathkerncmss/m/sl on input line 2
9.
LaTeX Font Info:    Overwriting symbol font `pureletters' in version `bold'
(Font)                  OT1/mathkerncmss/m/sl --> OT1/mathkerncmss/bx/sl on inp
ut line 29.

(/usr/share/texlive/texmf-dist/tex/latex/translator/translator-basic-dictionary
-English.dict
Dictionary: translator-basic-dictionary, Language: English 
)
(/usr/share/texlive/texmf-dist/tex/latex/translator/translator-bibliography-dic
tionary-English.dict
Dictionary: translator-bibliography-dictionary, Language: English 
)
(/usr/share/texlive/texmf-dist/tex/latex/translator/translator-environment-dict
ionary-English.dict
Dictionary: translator-environment-dictionary, Language: English 
)
(/usr/share/texlive/texmf-dist/tex/latex/translator/translator-months-dictionar
y-English.dict
Dictionary: translator-months-dictionary, Language: English 
)
(/usr/share/texlive/texmf-dist/tex/latex/translator/translator-numbers-dictiona
ry-English.dict
Dictionary: translator-numbers-dictionary, Language: English 
)
(/usr/share/texlive/texmf-dist/tex/latex/translator/translator-theorem-dictiona
ry-English.dict
Dictionary: translator-theorem-dictionary, Language: English 
)
Package caption Info: Begin \AtBeginDocument code.
Package caption Info: End \AtBeginDocument code.
 (./SB.nav) [1

{/var/lib/texmf/fonts/map/pdftex/updmap/pdftex.map}]
LaTeX Font Info:    Trying to load font information for U+msa on input line 59.

 (/usr/share/texlive/texmf-dist/tex/latex/amsfonts/umsa.fd
File: umsa.fd 2013/01/14 v3.01 AMS symbols A
)
LaTeX Font Info:    Trying to load font information for U+msb on input line 59.


(/usr/share/texlive/texmf-dist/tex/latex/amsfonts/umsb.fd
File: umsb.fd 2013/01/14 v3.01 AMS symbols B
)
LaTeX Font Info:    Trying to load font information for OT1+mathkerncmss on inp
ut line 59.

(/usr/share/texlive/texmf-dist/tex/latex/sansmathaccent/ot1mathkerncmss.fd
File: ot1mathkerncmss.fd 2020/01/31 Fontinst v1.933 font definitions for OT1/ma
thkerncmss.
)
[2

] [3

] [4

] [5

] [6

] [7

] [8

] [9

] [10

]
LaTeX Font Info:    Font shape `OT1/cmss/b/n' in size <10.95> not available
(Font)              Font shape `OT1/cmss/bx/n' tried instead on input line 280.

LaTeX Font Info:    Font shape `OT1/cmss/b/n' in size <8> not available
(Font)              Font shape `OT1/cmss/bx/n' tried instead on input line 280.

LaTeX Font Info:    Font shape `OT1/cmss/b/n' in size <6> not available
(Font)              Font shape `OT1/cmss/bx/n' tried instead on input line 280.

 [11

]
<outputs/1d_test_case/SB_1d_square_to_ou_gamma0.05_dashboard.png, id=354, 1282.
0698pt x 353.8821pt>
File: outputs/1d_test_case/SB_1d_square_to_ou_gamma0.05_dashboard.png Graphic f
ile (type png)
<use outputs/1d_test_case/SB_1d_square_to_ou_gamma0.05_dashboard.png>
Package pdftex.def Info: outputs/1d_test_case/SB_1d_square_to_ou_gamma0.05_dash
board.png  used on input line 289.
(pdftex.def)             Requested size: 312.00685pt x 86.12138pt.
LaTeX Font Info:    Font shape `OT1/cmss/b/n' in size <14.4> not available
(Font)              Font shape `OT1/cmss/bx/n' tried instead on input line 289.

LaTeX Font Info:    Font shape `OT1/cmss/b/n' in size <10> not available
(Font)              Font shape `OT1/cmss/bx/n' tried instead on input line 289.

LaTeX Font Info:    Font shape `OT1/cmss/b/n' in size <7> not available
(Font)              Font shape `OT1/cmss/bx/n' tried instead on input line 289.

 [12

 <./outputs/1d_test_case/SB_1d_square_to_ou_gamma0.05_dashboard.png>]
<outputs/1d_test_case/SB_1d_bimodal_gamma0.05_dashboard.png, id=364, 1281.8289p
t x 353.8821pt>
File: outputs/1d_test_case/SB_1d_bimodal_gamma0.05_dashboard.png Graphic file (
type png)
<use outputs/1d_test_case/SB_1d_bimodal_gamma0.05_dashboard.png>
Package pdftex.def Info: outputs/1d_test_case/SB_1d_bimodal_gamma0.05_dashboard
.png  used on input line 308.
(pdftex.def)             Requested size: 216.65625pt x 59.81357pt.
<outputs/1d_test_case/SB_1d_bimodal_gamma0.05_entropy.png, id=365, 506.1309pt x
 338.2236pt>
File: outputs/1d_test_case/SB_1d_bimodal_gamma0.05_entropy.png Graphic file (ty
pe png)
<use outputs/1d_test_case/SB_1d_bimodal_gamma0.05_entropy.png>
Package pdftex.def Info: outputs/1d_test_case/SB_1d_bimodal_gamma0.05_entropy.p
ng  used on input line 308.
(pdftex.def)             Requested size: 216.66667pt x 144.78821pt.
LaTeX Font Info:    Font shape `OT1/cmss/b/n' in size <5> not available
(Font)              Font shape `OT1/cmss/bx/n' tried instead on input line 308.

 [13

 <./outputs/1d_test_case/SB_1d_bimodal_gamma0.05_dashboard.png> <./outputs/1d_t
est_case/SB_1d_bimodal_gamma0.05_entropy.png>]
<outputs/2d_test_case/SB_2d_gauss_to_bimodal_gamma0.05_density_transport.png, i
d=376, 970.1043pt x 758.1123pt>
File: outputs/2d_test_case/SB_2d_gauss_to_bimodal_gamma0.05_density_transport.p
ng Graphic file (type png)
<use outputs/2d_test_case/SB_2d_gauss_to_bimodal_gamma0.05_density_transport.pn
g>
Package pdftex.def Info: outputs/2d_test_case/SB_2d_gauss_to_bimodal_gamma0.05_
density_transport.png  used on input line 327.
(pdftex.def)             Requested size: 194.99438pt x 152.38326pt.
<outputs/2d_test_case/SB_2d_gauss_to_bimodal_gamma0.05_drift_field.png, id=377,
 481.5591pt x 413.1435pt>
File: outputs/2d_test_case/SB_2d_gauss_to_bimodal_gamma0.05_drift_field.png Gra
phic file (type png)
<use outputs/2d_test_case/SB_2d_gauss_to_bimodal_gamma0.05_drift_field.png>
Package pdftex.def Info: outputs/2d_test_case/SB_2d_gauss_to_bimodal_gamma0.05_
drift_field.png  used on input line 327.
(pdftex.def)             Requested size: 195.00098pt x 167.29697pt.
 [14

 <./outputs/2d_test_case/SB_2d_gauss_to_bimodal_gamma0.05_density_transport.png
> <./outputs/2d_test_case/SB_2d_gauss_to_bimodal_gamma0.05_drift_field.png>] [1
5

]
<outputs/Mach_interpolation/diamond/iso/hessian/det/drift_null/gmin0.005/Densit
y_mu0.png, id=409, 376.7676pt x 336.2964pt>
File: outputs/Mach_interpolation/diamond/iso/hessian/det/drift_null/gmin0.005/D
ensity_mu0.png Graphic file (type png)
<use outputs/Mach_interpolation/diamond/iso/hessian/det/drift_null/gmin0.005/De
nsity_mu0.png>
Package pdftex.def Info: outputs/Mach_interpolation/diamond/iso/hessian/det/dri
ft_null/gmin0.005/Density_mu0.png  used on input line 382.
(pdftex.def)             Requested size: 184.16931pt x 164.38641pt.
<outputs/Mach_interpolation/diamond/iso/hessian/det/drift_null/gmin0.005/Densit
y_mu1.png, id=410, 376.7676pt x 336.2964pt>
File: outputs/Mach_interpolation/diamond/iso/hessian/det/drift_null/gmin0.005/D
ensity_mu1.png Graphic file (type png)
<use outputs/Mach_interpolation/diamond/iso/hessian/det/drift_null/gmin0.005/De
nsity_mu1.png>
Package pdftex.def Info: outputs/Mach_interpolation/diamond/iso/hessian/det/dri
ft_null/gmin0.005/Density_mu1.png  used on input line 382.
(pdftex.def)             Requested size: 184.16931pt x 164.38641pt.
 [16

 <./outputs/Mach_interpolation/diamond/iso/hessian/det/drift_null/gmin0.005/Den
sity_mu0.png> <./outputs/Mach_interpolation/diamond/iso/hessian/det/drift_null/
gmin0.005/Density_mu1.png>]
<outputs/Mach_interpolation/diamond/iso/hessian/det/drift_null/gmin0.005/SB_Mac
h_density_density_transport.png, id=420, 979.7403pt x 761.0031pt>
File: outputs/Mach_interpolation/diamond/iso/hessian/det/drift_null/gmin0.005/S
B_Mach_density_density_transport.png Graphic file (type png)
<use outputs/Mach_interpolation/diamond/iso/hessian/det/drift_null/gmin0.005/SB
_Mach_density_density_transport.png>
Package pdftex.def Info: outputs/Mach_interpolation/diamond/iso/hessian/det/dri
ft_null/gmin0.005/SB_Mach_density_density_transport.png  used on input line 390
.
(pdftex.def)             Requested size: 244.42618pt x 189.8555pt.
 [17

 <./outputs/Mach_interpolation/diamond/iso/hessian/det/drift_null/gmin0.005/SB_
Mach_density_density_transport.png>]
<outputs/Mach_interpolation/diamond/iso/hessian/det/drift_null/gmin0.005/SB_Mac
h_drift_drift_field.png, id=429, 487.3407pt x 418.4433pt>
File: outputs/Mach_interpolation/diamond/iso/hessian/det/drift_null/gmin0.005/S
B_Mach_drift_drift_field.png Graphic file (type png)
<use outputs/Mach_interpolation/diamond/iso/hessian/det/drift_null/gmin0.005/SB
_Mach_drift_drift_field.png>
Package pdftex.def Info: outputs/Mach_interpolation/diamond/iso/hessian/det/dri
ft_null/gmin0.005/SB_Mach_drift_drift_field.png  used on input line 398.
(pdftex.def)             Requested size: 221.11572pt x 189.85567pt.
 [18

 <./outputs/Mach_interpolation/diamond/iso/hessian/det/drift_null/gmin0.005/SB_
Mach_drift_drift_field.png>]
LaTeX Font Info:    Font shape `OT1/cmss/b/n' in size <12> not available
(Font)              Font shape `OT1/cmss/bx/n' tried instead on input line 418.

 [19

] [20

]
<outputs/Mach_interpolation/diamond/iso/hessian/det/drift_null/gmin0.005/Mach_B
aryCDI_t0.20.png, id=489, 381.1038pt x 336.2964pt>
File: outputs/Mach_interpolation/diamond/iso/hessian/det/drift_null/gmin0.005/M
ach_BaryCDI_t0.20.png Graphic file (type png)
<use outputs/Mach_interpolation/diamond/iso/hessian/det/drift_null/gmin0.005/Ma
ch_BaryCDI_t0.20.png>
Package pdftex.def Info: outputs/Mach_interpolation/diamond/iso/hessian/det/dri
ft_null/gmin0.005/Mach_BaryCDI_t0.20.png  used on input line 469.
(pdftex.def)             Requested size: 99.2998pt x 87.62486pt.
<outputs/../figures/diamond/h0.025/M_AOA0.00_M2.10_HLLC_MUSCL_SRK2_t4.00.png, i
d=490, 374.3586pt x 343.82452pt>
File: outputs/../figures/diamond/h0.025/M_AOA0.00_M2.10_HLLC_MUSCL_SRK2_t4.00.p
ng Graphic file (type png)
<use outputs/../figures/diamond/h0.025/M_AOA0.00_M2.10_HLLC_MUSCL_SRK2_t4.00.pn
g>
Package pdftex.def Info: outputs/../figures/diamond/h0.025/M_AOA0.00_M2.10_HLLC
_MUSCL_SRK2_t4.00.png  used on input line 469.
(pdftex.def)             Requested size: 95.4059pt x 87.62424pt.
<outputs/Mach_interpolation/diamond/iso/hessian/det/drift_null/gmin0.005/Mach_B
aryCDI_t0.50.png, id=491, 381.1038pt x 336.2964pt>
File: outputs/Mach_interpolation/diamond/iso/hessian/det/drift_null/gmin0.005/M
ach_BaryCDI_t0.50.png Graphic file (type png)
<use outputs/Mach_interpolation/diamond/iso/hessian/det/drift_null/gmin0.005/Ma
ch_BaryCDI_t0.50.png>
Package pdftex.def Info: outputs/Mach_interpolation/diamond/iso/hessian/det/dri
ft_null/gmin0.005/Mach_BaryCDI_t0.50.png  used on input line 469.
(pdftex.def)             Requested size: 99.2998pt x 87.62486pt.
<outputs/../figures/diamond/h0.025/M_AOA0.00_M2.25_HLLC_MUSCL_SRK2_t4.00.png, i
d=492, 374.3586pt x 343.82452pt>
File: outputs/../figures/diamond/h0.025/M_AOA0.00_M2.25_HLLC_MUSCL_SRK2_t4.00.p
ng Graphic file (type png)
<use outputs/../figures/diamond/h0.025/M_AOA0.00_M2.25_HLLC_MUSCL_SRK2_t4.00.pn
g>
Package pdftex.def Info: outputs/../figures/diamond/h0.025/M_AOA0.00_M2.25_HLLC
_MUSCL_SRK2_t4.00.png  used on input line 469.
(pdftex.def)             Requested size: 95.4059pt x 87.62424pt.
<outputs/Mach_interpolation/diamond/iso/hessian/det/drift_null/gmin0.005/Mach_B
aryCDI_t0.80.png, id=493, 381.1038pt x 336.2964pt>
File: outputs/Mach_interpolation/diamond/iso/hessian/det/drift_null/gmin0.005/M
ach_BaryCDI_t0.80.png Graphic file (type png)
<use outputs/Mach_interpolation/diamond/iso/hessian/det/drift_null/gmin0.005/Ma
ch_BaryCDI_t0.80.png>
Package pdftex.def Info: outputs/Mach_interpolation/diamond/iso/hessian/det/dri
ft_null/gmin0.005/Mach_BaryCDI_t0.80.png  used on input line 469.
(pdftex.def)             Requested size: 99.2998pt x 87.62486pt.
<outputs/../figures/diamond/h0.025/M_AOA0.00_M2.40_HLLC_MUSCL_SRK2_t4.00.png, i
d=494, 374.53928pt x 343.82452pt>
File: outputs/../figures/diamond/h0.025/M_AOA0.00_M2.40_HLLC_MUSCL_SRK2_t4.00.p
ng Graphic file (type png)
<use outputs/../figures/diamond/h0.025/M_AOA0.00_M2.40_HLLC_MUSCL_SRK2_t4.00.pn
g>
Package pdftex.def Info: outputs/../figures/diamond/h0.025/M_AOA0.00_M2.40_HLLC
_MUSCL_SRK2_t4.00.png  used on input line 469.
(pdftex.def)             Requested size: 95.45195pt x 87.62424pt.
 [21

 <./outputs/Mach_interpolation/diamond/iso/hessian/det/drift_null/gmin0.005/Mac
h_BaryCDI_t0.20.png> <./outputs/../figures/diamond/h0.025/M_AOA0.00_M2.10_HLLC_
MUSCL_SRK2_t4.00.png> <./outputs/Mach_interpolation/diamond/iso/hessian/det/dri
ft_null/gmin0.005/Mach_BaryCDI_t0.50.png> <./outputs/../figures/diamond/h0.025/
M_AOA0.00_M2.25_HLLC_MUSCL_SRK2_t4.00.png> <./outputs/Mach_interpolation/diamon
d/iso/hessian/det/drift_null/gmin0.005/Mach_BaryCDI_t0.80.png> <./outputs/../fi
gures/diamond/h0.025/M_AOA0.00_M2.40_HLLC_MUSCL_SRK2_t4.00.png>]
File: outputs/Mach_interpolation/diamond/iso/hessian/det/drift_null/gmin0.005/M
ach_BaryCDI_t0.50.png Graphic file (type png)
<use outputs/Mach_interpolation/diamond/iso/hessian/det/drift_null/gmin0.005/Ma
ch_BaryCDI_t0.50.png>
Package pdftex.def Info: outputs/Mach_interpolation/diamond/iso/hessian/det/dri
ft_null/gmin0.005/Mach_BaryCDI_t0.50.png  used on input line 493.
(pdftex.def)             Requested size: 182.06128pt x 160.65584pt.
<outputs/Mach_interpolation/diamond/iso/hessian/eig/drift_null/gmin0.005/Mach_B
aryCDI_t0.50.png, id=509, 381.1038pt x 336.2964pt>
File: outputs/Mach_interpolation/diamond/iso/hessian/eig/drift_null/gmin0.005/M
ach_BaryCDI_t0.50.png Graphic file (type png)
<use outputs/Mach_interpolation/diamond/iso/hessian/eig/drift_null/gmin0.005/Ma
ch_BaryCDI_t0.50.png>
Package pdftex.def Info: outputs/Mach_interpolation/diamond/iso/hessian/eig/dri
ft_null/gmin0.005/Mach_BaryCDI_t0.50.png  used on input line 493.
(pdftex.def)             Requested size: 182.06128pt x 160.65584pt.
 [22

 <./outputs/Mach_interpolation/diamond/iso/hessian/eig/drift_null/gmin0.005/Mac
h_BaryCDI_t0.50.png>] [23

] [24

]
<outputs/Mach_interpolation/diamond/iso/hessian/det/drift_null/gmin0.005/Mach_L
2_Linf_l2_linf_errors.png, id=581, 1003.1076pt x 355.92975pt>
File: outputs/Mach_interpolation/diamond/iso/hessian/det/drift_null/gmin0.005/M
ach_L2_Linf_l2_linf_errors.png Graphic file (type png)
<use outputs/Mach_interpolation/diamond/iso/hessian/det/drift_null/gmin0.005/Ma
ch_L2_Linf_l2_linf_errors.png>
Package pdftex.def Info: outputs/Mach_interpolation/diamond/iso/hessian/det/dri
ft_null/gmin0.005/Mach_L2_Linf_l2_linf_errors.png  used on input line 562.
(pdftex.def)             Requested size: 216.67413pt x 76.88185pt.
<outputs/Mach_interpolation/diamond/iso/hessian/det/drift_null/gmin0.005/Mach_W
asserstein.png, id=582, 568.40355pt x 353.03896pt>
File: outputs/Mach_interpolation/diamond/iso/hessian/det/drift_null/gmin0.005/M
ach_Wasserstein.png Graphic file (type png)
<use outputs/Mach_interpolation/diamond/iso/hessian/det/drift_null/gmin0.005/Ma
ch_Wasserstein.png>
Package pdftex.def Info: outputs/Mach_interpolation/diamond/iso/hessian/det/dri
ft_null/gmin0.005/Mach_Wasserstein.png  used on input line 562.
(pdftex.def)             Requested size: 216.67209pt x 134.57637pt.
 [25

 <./outputs/Mach_interpolation/diamond/iso/hessian/det/drift_null/gmin0.005/Mac
h_L2_Linf_l2_linf_errors.png> <./outputs/Mach_interpolation/diamond/iso/hessian
/det/drift_null/gmin0.005/Mach_Wasserstein.png>]
<outputs/Mach_interpolation/diamond/iso/hessian/det/drift_null/gmin0.005/AbsErr
_Linear_abs_error.png, id=594, 712.5822pt x 674.64046pt>
File: outputs/Mach_interpolation/diamond/iso/hessian/det/drift_null/gmin0.005/A
bsErr_Linear_abs_error.png Graphic file (type png)
<use outputs/Mach_interpolation/diamond/iso/hessian/det/drift_null/gmin0.005/Ab
sErr_Linear_abs_error.png>
Package pdftex.def Info: outputs/Mach_interpolation/diamond/iso/hessian/det/dri
ft_null/gmin0.005/AbsErr_Linear_abs_error.png  used on input line 581.
(pdftex.def)             Requested size: 185.1039pt x 175.24797pt.
<outputs/Mach_interpolation/diamond/iso/hessian/det/drift_null/gmin0.005/AbsErr
_BaryCDI_abs_error.png, id=595, 718.3638pt x 674.64046pt>
File: outputs/Mach_interpolation/diamond/iso/hessian/det/drift_null/gmin0.005/A
bsErr_BaryCDI_abs_error.png Graphic file (type png)
<use outputs/Mach_interpolation/diamond/iso/hessian/det/drift_null/gmin0.005/Ab
sErr_BaryCDI_abs_error.png>
Package pdftex.def Info: outputs/Mach_interpolation/diamond/iso/hessian/det/dri
ft_null/gmin0.005/AbsErr_BaryCDI_abs_error.png  used on input line 581.
(pdftex.def)             Requested size: 186.60576pt x 175.24797pt.
 [26

 <./outputs/Mach_interpolation/diamond/iso/hessian/det/drift_null/gmin0.005/Abs
Err_Linear_abs_error.png> <./outputs/Mach_interpolation/diamond/iso/hessian/det
/drift_null/gmin0.005/AbsErr_BaryCDI_abs_error.png>] [27

] [28

] [29

] [30

]
<outputs/drift_beta_quiver.png, id=738, 1103.8038pt x 357.4956pt>
File: outputs/drift_beta_quiver.png Graphic file (type png)
<use outputs/drift_beta_quiver.png>
Package pdftex.def Info: outputs/drift_beta_quiver.png  used on input line 715.

(pdftex.def)             Requested size: 303.3395pt x 98.2434pt.

Overfull \vbox (10.75061pt too high) detected at line 715
 []

[31

 <./outputs/drift_beta_quiver.png>]
File: outputs/Mach_interpolation/diamond/iso/hessian/det/drift_null/gmin0.005/M
ach_L2_Linf_l2_linf_errors.png Graphic file (type png)
<use outputs/Mach_interpolation/diamond/iso/hessian/det/drift_null/gmin0.005/Ma
ch_L2_Linf_l2_linf_errors.png>
Package pdftex.def Info: outputs/Mach_interpolation/diamond/iso/hessian/det/dri
ft_null/gmin0.005/Mach_L2_Linf_l2_linf_errors.png  used on input line 738.
(pdftex.def)             Requested size: 216.67413pt x 76.88185pt.
<outputs/Mach_interpolation/diamond/iso/hessian/det/drift_oblique/gmin0.0001/Ma
ch_L2_Linf_l2_linf_errors.png, id=748, 1003.1076pt x 355.92975pt>
File: outputs/Mach_interpolation/diamond/iso/hessian/det/drift_oblique/gmin0.00
01/Mach_L2_Linf_l2_linf_errors.png Graphic file (type png)
<use outputs/Mach_interpolation/diamond/iso/hessian/det/drift_oblique/gmin0.000
1/Mach_L2_Linf_l2_linf_errors.png>
Package pdftex.def Info: outputs/Mach_interpolation/diamond/iso/hessian/det/dri
ft_oblique/gmin0.0001/Mach_L2_Linf_l2_linf_errors.png  used on input line 738.
(pdftex.def)             Requested size: 216.67413pt x 76.88185pt.
 [32

 <./outputs/Mach_interpolation/diamond/iso/hessian/det/drift_oblique/gmin0.0001
/Mach_L2_Linf_l2_linf_errors.png>]
<outputs/Mach_interpolation/diamond/iso/hessian/det/drift_oblique/gmin0.0001/SB
_Mach_density_density_transport.png, id=758, 979.7403pt x 761.0031pt>
File: outputs/Mach_interpolation/diamond/iso/hessian/det/drift_oblique/gmin0.00
01/SB_Mach_density_density_transport.png Graphic file (type png)
<use outputs/Mach_interpolation/diamond/iso/hessian/det/drift_oblique/gmin0.000
1/SB_Mach_density_density_transport.png>
Package pdftex.def Info: outputs/Mach_interpolation/diamond/iso/hessian/det/dri
ft_oblique/gmin0.0001/SB_Mach_density_density_transport.png  used on input line
 757.
(pdftex.def)             Requested size: 195.00276pt x 151.46637pt.
<outputs/Mach_interpolation/diamond/iso/hessian/det/drift_oblique/gmin0.0001/SB
_Mach_drift_drift_field.png, id=759, 489.9906pt x 415.5525pt>
File: outputs/Mach_interpolation/diamond/iso/hessian/det/drift_oblique/gmin0.00
01/SB_Mach_drift_drift_field.png Graphic file (type png)
<use outputs/Mach_interpolation/diamond/iso/hessian/det/drift_oblique/gmin0.000
1/SB_Mach_drift_drift_field.png>
Package pdftex.def Info: outputs/Mach_interpolation/diamond/iso/hessian/det/dri
ft_oblique/gmin0.0001/SB_Mach_drift_drift_field.png  used on input line 757.
(pdftex.def)             Requested size: 194.99837pt x 165.37473pt.

[33

 <./outputs/Mach_interpolation/diamond/iso/hessian/det/drift_oblique/gmin0.0001
/SB_Mach_density_density_transport.png> <./outputs/Mach_interpolation/diamond/i
so/hessian/det/drift_oblique/gmin0.0001/SB_Mach_drift_drift_field.png>]
<outputs/Mach_interpolation/diamond/iso/hessian/det/drift_oblique/gmin0.0001/Ma
ch_BaryCDI_t0.50.png, id=769, 381.1038pt x 336.2964pt>
File: outputs/Mach_interpolation/diamond/iso/hessian/det/drift_oblique/gmin0.00
01/Mach_BaryCDI_t0.50.png Graphic file (type png)
<use outputs/Mach_interpolation/diamond/iso/hessian/det/drift_oblique/gmin0.000
1/Mach_BaryCDI_t0.50.png>
Package pdftex.def Info: outputs/Mach_interpolation/diamond/iso/hessian/det/dri
ft_oblique/gmin0.0001/Mach_BaryCDI_t0.50.png  used on input line 780.
(pdftex.def)             Requested size: 182.06128pt x 160.65584pt.
<outputs/Mach_interpolation/diamond/iso/hessian/eig/drift_oblique/gmin0.0001/Ma
ch_BaryCDI_t0.50.png, id=770, 381.1038pt x 336.2964pt>
File: outputs/Mach_interpolation/diamond/iso/hessian/eig/drift_oblique/gmin0.00
01/Mach_BaryCDI_t0.50.png Graphic file (type png)
<use outputs/Mach_interpolation/diamond/iso/hessian/eig/drift_oblique/gmin0.000
1/Mach_BaryCDI_t0.50.png>
Package pdftex.def Info: outputs/Mach_interpolation/diamond/iso/hessian/eig/dri
ft_oblique/gmin0.0001/Mach_BaryCDI_t0.50.png  used on input line 780.
(pdftex.def)             Requested size: 182.06128pt x 160.65584pt.

[34

 <./outputs/Mach_interpolation/diamond/iso/hessian/det/drift_oblique/gmin0.0001
/Mach_BaryCDI_t0.50.png> <./outputs/Mach_interpolation/diamond/iso/hessian/eig/
drift_oblique/gmin0.0001/Mach_BaryCDI_t0.50.png>]
<outputs/Mach_interpolation/diamond/iso/hessian/det/drift_oblique/gmin0.0001/Ab
sErr_Linear_abs_error.png, id=780, 712.5822pt x 674.64046pt>
File: outputs/Mach_interpolation/diamond/iso/hessian/det/drift_oblique/gmin0.00
01/AbsErr_Linear_abs_error.png Graphic file (type png)
<use outputs/Mach_interpolation/diamond/iso/hessian/det/drift_oblique/gmin0.000
1/AbsErr_Linear_abs_error.png>
Package pdftex.def Info: outputs/Mach_interpolation/diamond/iso/hessian/det/dri
ft_oblique/gmin0.0001/AbsErr_Linear_abs_error.png  used on input line 799.
(pdftex.def)             Requested size: 185.1039pt x 175.24797pt.
<outputs/Mach_interpolation/diamond/iso/hessian/det/drift_oblique/gmin0.0001/Ab
sErr_BaryCDI_abs_error.png, id=781, 712.5822pt x 674.64046pt>
File: outputs/Mach_interpolation/diamond/iso/hessian/det/drift_oblique/gmin0.00
01/AbsErr_BaryCDI_abs_error.png Graphic file (type png)
<use outputs/Mach_interpolation/diamond/iso/hessian/det/drift_oblique/gmin0.000
1/AbsErr_BaryCDI_abs_error.png>
Package pdftex.def Info: outputs/Mach_interpolation/diamond/iso/hessian/det/dri
ft_oblique/gmin0.0001/AbsErr_BaryCDI_abs_error.png  used on input line 799.
(pdftex.def)             Requested size: 185.1039pt x 175.24797pt.
 [35

 <./outputs/Mach_interpolation/diamond/iso/hessian/det/drift_oblique/gmin0.0001
/AbsErr_Linear_abs_error.png> <./outputs/Mach_interpolation/diamond/iso/hessian
/det/drift_oblique/gmin0.0001/AbsErr_BaryCDI_abs_error.png>]
\tf@nav=\write6
\openout6 = `SB.nav'.

\tf@toc=\write7
\openout7 = `SB.toc'.

\tf@snm=\write8
\openout8 = `SB.snm'.

 (./SB.aux)
 ***********
LaTeX2e <2025-11-01>
L3 programming layer <2026-01-19>
 ***********
Package rerunfilecheck Info: File `SB.out' has not changed.
(rerunfilecheck)             Checksum: D41D8CD98F00B204E9800998ECF8427E;0.
 ) 
Here is how much of TeX's memory you used:
 27800 strings out of 469514
 578547 string characters out of 5470073
 926486 words of memory out of 5000000
 55857 multiletter control sequences out of 15000+600000
 646617 words of font info for 109 fonts, out of 8000000 for 9000
 14 hyphenation exceptions out of 8191
 128i,16n,123p,380b,819s stack positions out of 10000i,1000n,20000p,200000b,200000s
</usr/share/texlive/texmf-dist/fonts/type1/public/amsfonts/cm/cmex10.pfb></us
r/share/texlive/texmf-dist/fonts/type1/public/amsfonts/cm/cmmi10.pfb></usr/shar
e/texlive/texmf-dist/fonts/type1/public/amsfonts/cm/cmmi12.pfb></usr/share/texl
ive/texmf-dist/fonts/type1/public/amsfonts/cm/cmmi6.pfb></usr/share/texlive/tex
mf-dist/fonts/type1/public/amsfonts/cm/cmmi8.pfb></usr/share/texlive/texmf-dist
/fonts/type1/public/amsfonts/cm/cmr10.pfb></usr/share/texlive/texmf-dist/fonts/
type1/public/amsfonts/cm/cmr7.pfb></usr/share/texlive/texmf-dist/fonts/type1/pu
blic/amsfonts/cm/cmr8.pfb></usr/share/texlive/texmf-dist/fonts/type1/public/ams
fonts/cm/cmss10.pfb></usr/share/texlive/texmf-dist/fonts/type1/public/amsfonts/
cm/cmss12.pfb></usr/share/texlive/texmf-dist/fonts/type1/public/amsfonts/cm/cms
s8.pfb></usr/share/texlive/texmf-dist/fonts/type1/public/amsfonts/cm/cmssbx10.p
fb></usr/share/texlive/texmf-dist/fonts/type1/public/amsfonts/cm/cmssi10.pfb></
usr/share/texlive/texmf-dist/fonts/type1/public/amsfonts/cm/cmssi12.pfb></usr/s
hare/texlive/texmf-dist/fonts/type1/public/amsfonts/cm/cmssi8.pfb></usr/share/t
exlive/texmf-dist/fonts/type1/public/amsfonts/cm/cmsy10.pfb></usr/share/texlive
/texmf-dist/fonts/type1/public/amsfonts/cm/cmsy6.pfb></usr/share/texlive/texmf-
dist/fonts/type1/public/amsfonts/cm/cmsy7.pfb></usr/share/texlive/texmf-dist/fo
nts/type1/public/amsfonts/cm/cmsy8.pfb></usr/share/texlive/texmf-dist/fonts/typ
e1/public/amsfonts/cm/cmtt10.pfb></usr/share/texlive/texmf-dist/fonts/type1/pub
lic/amsfonts/cm/cmtt12.pfb></usr/share/texlive/texmf-dist/fonts/type1/public/am
sfonts/symbols/msbm10.pfb>
Output written on SB.pdf (35 pages, 13874341 bytes).
PDF statistics:
 899 PDF objects out of 1000 (max. 8388607)
 492 compressed objects within 5 object streams
 71 named destinations out of 1000 (max. 500000)
 1515 words of extra memory for PDF output out of 10000 (max. 10000000)

